---
source: src/lexer.rs
expression: "tokenize(\"( ) { } [ ]\")"
---
(
    [
        Token {
            kind: OpenParen,
            text: "(",
            range: 0..1,
        },
        Token {
            kind: Whitespace,
            text: " ",
            range: 1..2,
        },
        Token {
            kind: CloseParen,
            text: ")",
            range: 2..3,
        },
        Token {
            kind: Whitespace,
            text: " ",
            range: 3..4,
        },
        Token {
            kind: OpenBrace,
            text: "{",
            range: 4..5,
        },
        Token {
            kind: Whitespace,
            text: " ",
            range: 5..6,
        },
        Token {
            kind: CloseBrace,
            text: "}",
            range: 6..7,
        },
        Token {
            kind: Whitespace,
            text: " ",
            range: 7..8,
        },
        Token {
            kind: OpenBracket,
            text: "[",
            range: 8..9,
        },
        Token {
            kind: Whitespace,
            text: " ",
            range: 9..10,
        },
        Token {
            kind: CloseBracket,
            text: "]",
            range: 10..11,
        },
        Token {
            kind: Eof,
            text: "",
            range: 11..11,
        },
    ],
    [],
)
