---
source: src/lexer.rs
expression: "tokenize(\"1 23\")"
---
(
    [
        Token {
            kind: Number,
            text: "1",
            range: 0..1,
        },
        Token {
            kind: Whitespace,
            text: " ",
            range: 1..2,
        },
        Token {
            kind: Number,
            text: "23",
            range: 2..4,
        },
        Token {
            kind: Eof,
            text: "",
            range: 4..4,
        },
    ],
    [],
)
